// Jest Snapshot v1, https://goo.gl/fbAQLP

exports[`renders correctly 1`] = `
<View
  style={
    Object {
      "alignItems": "center",
      "borderBottomWidth": 1,
      "borderColor": "#242424",
      "flex": 1,
      "justifyContent": "center",
    }
  }
>
  <TouchableOpacity
    activeOpacity={0.2}
    onPress={[Function]}
  >
    <Icon
      allowFontScaling={false}
      color="white"
      name="flash"
      size={30}
    />
  </TouchableOpacity>
</View>
`;
